Microsoft Windows [Version 10.0.22621.1555]
(c) Microsoft Corporation. All rights reserved.

C:\Users\Lenovo>docker -v
Docker version 23.0.5, build bc4487a

C:\Users\Lenovo>wsl --install
Windows Subsystem for Linux is already installed.
The following is a list of valid distributions that can be installed.
Install using 'wsl --install -d <Distro>'.

NAME                                   FRIENDLY NAME
Ubuntu                                 Ubuntu
Debian                                 Debian GNU/Linux
kali-linux                             Kali Linux Rolling
Ubuntu-18.04                           Ubuntu 18.04 LTS
Ubuntu-20.04                           Ubuntu 20.04 LTS
Ubuntu-22.04                           Ubuntu 22.04 LTS
OracleLinux_7_9                        Oracle Linux 7.9
OracleLinux_8_7                        Oracle Linux 8.7
OracleLinux_9_1                        Oracle Linux 9.1
SUSE-Linux-Enterprise-Server-15-SP4    SUSE Linux Enterprise Server 15 SP4
openSUSE-Leap-15.4                     openSUSE Leap 15.4
openSUSE-Tumbleweed                    openSUSE Tumbleweed

C:\Users\Lenovo>'wsl --install -d <Distro>'
The system cannot find the file specified.

C:\Users\Lenovo>wsl --install -d <Distro>
The syntax of the command is incorrect.

C:\Users\Lenovo>docker -v
Docker version 23.0.5, build bc4487a

C:\Users\Lenovo>docker images
error during connect: this error may indicate that the docker daemon is not running: Get "http://%2F%2F.%2Fpipe%2Fdocker_engine/v1.24/images/json": open //./pipe/docker_engine: The system cannot find the file specified.

C:\Users\Lenovo>wsl --update
Installing: Windows Subsystem for Linux
Windows Subsystem for Linux has been installed.

C:\Users\Lenovo>docker -v
Docker version 23.0.5, build bc4487a

C:\Users\Lenovo>docker images
Error response from daemon: open \\.\pipe\docker_engine_linux: The system cannot find the file specified.

C:\Users\Lenovo>docker images
REPOSITORY   TAG       IMAGE ID   CREATED   SIZE

C:\Users\Lenovo>docker ps
CONTAINER ID   IMAGE     COMMAND   CREATED   STATUS    PORTS     NAMES

C:\Users\Lenovo>docker pull openjdk
Using default tag: latest
latest: Pulling from library/openjdk
197c1adcd755: Pull complete
57b698b7af4b: Pull complete
95a27dbe0150: Pull complete
Digest: sha256:9b448de897d211c9e0ec635a485650aed6e28d4eca1efbc34940560a480b3f1f
Status: Downloaded newer image for openjdk:latest
docker.io/library/openjdk:latest

C:\Users\Lenovo>docker image

Usage:  docker image COMMAND

Manage images

Commands:
  build       Build an image from a Dockerfile
  history     Show the history of an image
  import      Import the contents from a tarball to create a filesystem image
  inspect     Display detailed information on one or more images
  load        Load an image from a tar archive or STDIN
  ls          List images
  prune       Remove unused images
  pull        Download an image from a registry
  push        Upload an image to a registry
  rm          Remove one or more images
  save        Save one or more images to a tar archive (streamed to STDOUT by default)
  tag         Create a tag TARGET_IMAGE that refers to SOURCE_IMAGE

Run 'docker image COMMAND --help' for more information on a command.

C:\Users\Lenovo>docker images
REPOSITORY   TAG       IMAGE ID       CREATED        SIZE
openjdk      latest    71260f256d19   3 months ago   470MB

C:\Users\Lenovo>docker run --name Java -It -d openjdk
unknown shorthand flag: 'I' in -It
See 'docker run --help'.

C:\Users\Lenovo>docker run --name Java -it -d openjdk
c95fb93b4b27f06069e832aaba022a3aa3dc2c1f1e72ba309c9c783c03ea5af7

C:\Users\Lenovo>docker ps
CONTAINER ID   IMAGE     COMMAND    CREATED          STATUS          PORTS     NAMES
c95fb93b4b27   openjdk   "jshell"   11 seconds ago   Up 10 seconds             Java

C:\Users\Lenovo>docker exec -it Java jshell
|  Welcome to JShell -- Version 18.0.2.1
|  For an introduction type: /help intro

jshell> System.out.println("hello");
hello

jshell> int a=10
a ==> 10

jshell> int b=20
b ==> 20

jshell> System.out.println(a+b);
30

jshell> /exit
|  Goodbye

C:\Users\Lenovo>docker ps
CONTAINER ID   IMAGE     COMMAND    CREATED         STATUS         PORTS     NAMES
c95fb93b4b27   openjdk   "jshell"   4 minutes ago   Up 4 minutes             Java

C:\Users\Lenovo>docker container rm c95fb93b4b27
Error response from daemon: You cannot remove a running container c95fb93b4b27f06069e832aaba022a3aa3dc2c1f1e72ba309c9c783c03ea5af7. Stop the container before attempting removal or force remove

C:\Users\Lenovo>docker stop c95fb93b4b27
c95fb93b4b27

C:\Users\Lenovo>docker container rm c95fb93b4b27
c95fb93b4b27

C:\Users\Lenovo>docker ps
CONTAINER ID   IMAGE     COMMAND   CREATED   STATUS    PORTS     NAMES

C:\Users\Lenovo>docker images
REPOSITORY   TAG       IMAGE ID       CREATED        SIZE
openjdk      latest    71260f256d19   3 months ago   470MB

C:\Users\Lenovo>docker image prune
WARNING! This will remove all dangling images.
Are you sure you want to continue? [y/N] y
Total reclaimed space: 0B

C:\Users\Lenovo>